
> sa7ar-next@0.1.0 build
> next build

Γû▓ Next.js 16.2.2 (Turbopack)

node.exe : ΓÜá The "middleware" file 
convention is deprecated. Please use 
"proxy" instead. Learn more: https://nex
tjs.org/docs/messages/middleware-to-prox
y
At C:\Program Files\nodejs\npm.ps1:29 
char:3
+   & $NODE_EXE $NPM_CLI_JS $args
+   ~~~~~~~~~~~~~~~~~~~~~~~~~~~~~
    + CategoryInfo          : NotSpecif 
   ied: (ΓÜá The "middle...leware-to-p  
  roxy:String) [], RemoteException
    + FullyQualifiedErrorId : NativeCom 
   mandError
 
  Creating an optimized production build ...
Γ£ô Compiled successfully in 8.5s
  Running TypeScript ...
Failed to type check.

./features/orders/components/OrderHistor
yView.tsx:59:8
Type error: Type '"ghost" | "accent"' 
is not assignable to type '"default" | 
"link" | "outline" | "secondary" | 
"ghost" | "destructive" | null | 
undefined'.
  Type '"accent"' is not assignable to 
type '"default" | "link" | "outline" | 
"secondary" | "ghost" | "destructive" | 
null | undefined'.

  [90m57 |[0m 							key={tab.id}
  [90m58 |[0m 							
size=[32m"sm"[0m
[31m[1m>[0m [90m59 |[0m 							
variant={activeTab === tab.id ? 
[32m"accent"[0m : [32m"ghost"[0m}
  [90m   |[0m [31m[1m^[0m
  [90m60 |[0m 							className={cn(
  [90m61 |[0m 								
[32m"rounded-full h-10 px-6 font-bold 
text-xs transition-all"[0m,
  [90m62 |[0m 								activeTab === 
tab.id ? [32m"shadow-md"[0m : 
[32m"text-gray hover:bg-black/5"[0m
Next.js build worker exited with code: 
1 and signal: null
