features/orders/queries.ts(2,42): error TS2307: Cannot find module '../types' or its corresponding type declarations.
lib/data.ts(1,25): error TS2724: '"lucide-react"' has no exported member named 'ListLinesIcon'. Did you mean 'ListMinusIcon'?
